
############################
INFO: You are using the old nnU-Net default planner. We have updated our recommendations. Please consider using those instead! Read more here: https://github.com/MIC-DKFZ/nnUNet/blob/master/documentation/resenc_presets.md
############################

Attempting to find 3d_lowres config. 
Current spacing: [2.5        1.00585938 1.00585938]. 
Current patch size: (np.int64(56), np.int64(192), np.int64(192)). 
Current median shape: [160.         497.08737864 497.08737864]
Attempting to find 3d_lowres config. 
Current spacing: [2.5        1.03603516 1.03603516]. 
Current patch size: (np.int64(56), np.int64(192), np.int64(192)). 
Current median shape: [160.         482.60910548 482.60910548]
Attempting to find 3d_lowres config. 
Current spacing: [2.5        1.06711621 1.06711621]. 
Current patch size: (np.int64(64), np.int64(192), np.int64(160)). 
Current median shape: [160.         468.55252959 468.55252959]
Attempting to find 3d_lowres config. 
Current spacing: [2.5       1.0991297 1.0991297]. 
Current patch size: (np.int64(64), np.int64(192), np.int64(160)). 
Current median shape: [160.         454.90536853 454.90536853]
Attempting to find 3d_lowres config. 
Current spacing: [2.5        1.13210359 1.13210359]. 
Current patch size: (np.int64(64), np.int64(192), np.int64(160)). 
Current median shape: [160.        441.6556976 441.6556976]
Attempting to find 3d_lowres config. 
Current spacing: [2.5       1.1660667 1.1660667]. 
Current patch size: (np.int64(64), np.int64(192), np.int64(160)). 
Current median shape: [160.         428.79193942 428.79193942]
Attempting to find 3d_lowres config. 
Current spacing: [2.5       1.2010487 1.2010487]. 
Current patch size: (np.int64(64), np.int64(192), np.int64(160)). 
Current median shape: [160.         416.30285381 416.30285381]
Attempting to find 3d_lowres config. 
Current spacing: [2.5        1.23708016 1.23708016]. 
Current patch size: (np.int64(64), np.int64(192), np.int64(160)). 
Current median shape: [160.         404.17752797 404.17752797]
Attempting to find 3d_lowres config. 
Current spacing: [2.5        1.27419256 1.27419256]. 
Current patch size: (np.int64(64), np.int64(192), np.int64(192)). 
Current median shape: [160.         392.40536696 392.40536696]
Attempting to find 3d_lowres config. 
Current spacing: [2.575      1.31241834 1.31241834]. 
Current patch size: (np.int64(64), np.int64(192), np.int64(192)). 
Current median shape: [155.33980583 380.97608443 380.97608443]
Attempting to find 3d_lowres config. 
Current spacing: [2.65225    1.35179089 1.35179089]. 
Current patch size: (np.int64(64), np.int64(192), np.int64(192)). 
Current median shape: [150.81534546 369.87969362 369.87969362]
Attempting to find 3d_lowres config. 
Current spacing: [2.7318175  1.39234462 1.39234462]. 
Current patch size: (np.int64(64), np.int64(192), np.int64(192)). 
Current median shape: [146.4226655  359.10649866 359.10649866]
Attempting to find 3d_lowres config. 
Current spacing: [2.81377203 1.43411495 1.43411495]. 
Current patch size: (np.int64(64), np.int64(192), np.int64(192)). 
Current median shape: [142.15792767 348.64708608 348.64708608]
Attempting to find 3d_lowres config. 
Current spacing: [2.89818519 1.4771384  1.4771384 ]. 
Current patch size: (np.int64(64), np.int64(192), np.int64(192)). 
Current median shape: [138.0174055  338.49231658 338.49231658]
Attempting to find 3d_lowres config. 
Current spacing: [2.98513074 1.52145256 1.52145256]. 
Current patch size: (np.int64(64), np.int64(192), np.int64(192)). 
Current median shape: [133.99748107 328.63331707 328.63331707]
Attempting to find 3d_lowres config. 
Current spacing: [3.07468466 1.56709613 1.56709613]. 
Current patch size: (np.int64(64), np.int64(192), np.int64(192)). 
Current median shape: [130.09464181 319.06147288 319.06147288]
Attempting to find 3d_lowres config. 
Current spacing: [3.1669252  1.61410902 1.61410902]. 
Current patch size: (np.int64(64), np.int64(192), np.int64(192)). 
Current median shape: [126.30547749 309.76842027 309.76842027]
Attempting to find 3d_lowres config. 
Current spacing: [3.26193296 1.66253229 1.66253229]. 
Current patch size: (np.int64(64), np.int64(192), np.int64(192)). 
Current median shape: [122.62667717 300.7460391  300.7460391 ]
Attempting to find 3d_lowres config. 
Current spacing: [3.35979095 1.71240825 1.71240825]. 
Current patch size: (np.int64(64), np.int64(192), np.int64(192)). 
Current median shape: [119.05502638 291.98644573 291.98644573]
Attempting to find 3d_lowres config. 
Current spacing: [3.46058468 1.7637805  1.7637805 ]. 
Current patch size: (np.int64(64), np.int64(192), np.int64(192)). 
Current median shape: [115.58740426 283.48198614 283.48198614]
2D U-Net configuration:
{'data_identifier': 'nnUNetPlans_2d', 'preprocessor_name': 'DefaultPreprocessor', 'batch_size': 12, 'patch_size': (np.int64(512), np.int64(512)), 'median_image_size_in_voxels': array([512., 512.]), 'spacing': array([0.9765625, 0.9765625]), 'normalization_schemes': ['CTNormalization'], 'use_mask_for_norm': [False], 'resampling_fn_data': 'resample_data_or_seg_to_shape', 'resampling_fn_seg': 'resample_data_or_seg_to_shape', 'resampling_fn_data_kwargs': {'is_seg': False, 'order': 3, 'order_z': 0, 'force_separate_z': None}, 'resampling_fn_seg_kwargs': {'is_seg': True, 'order': 1, 'order_z': 0, 'force_separate_z': None}, 'resampling_fn_probabilities': 'resample_data_or_seg_to_shape', 'resampling_fn_probabilities_kwargs': {'is_seg': False, 'order': 1, 'order_z': 0, 'force_separate_z': None}, 'architecture': {'network_class_name': 'dynamic_network_architectures.architectures.unet.PlainConvUNet', 'arch_kwargs': {'n_stages': 8, 'features_per_stage': (32, 64, 128, 256, 512, 512, 512, 512), 'conv_op': 'torch.nn.modules.conv.Conv2d', 'kernel_sizes': ((3, 3), (3, 3), (3, 3), (3, 3), (3, 3), (3, 3), (3, 3), (3, 3)), 'strides': ((1, 1), (2, 2), (2, 2), (2, 2), (2, 2), (2, 2), (2, 2), (2, 2)), 'n_conv_per_stage': (2, 2, 2, 2, 2, 2, 2, 2), 'n_conv_per_stage_decoder': (2, 2, 2, 2, 2, 2, 2), 'conv_bias': True, 'norm_op': 'torch.nn.modules.instancenorm.InstanceNorm2d', 'norm_op_kwargs': {'eps': 1e-05, 'affine': True}, 'dropout_op': None, 'dropout_op_kwargs': None, 'nonlin': 'torch.nn.LeakyReLU', 'nonlin_kwargs': {'inplace': True}}, '_kw_requires_import': ('conv_op', 'norm_op', 'dropout_op', 'nonlin')}, 'batch_dice': True}

Using <class 'nnunetv2.imageio.simpleitk_reader_writer.SimpleITKIO'> reader/writer
3D lowres U-Net configuration:
{'data_identifier': 'nnUNetPlans_3d_lowres', 'preprocessor_name': 'DefaultPreprocessor', 'batch_size': 2, 'patch_size': (np.int64(64), np.int64(192), np.int64(192)), 'median_image_size_in_voxels': (116, 283, 283), 'spacing': array([3.46058468, 1.7637805 , 1.7637805 ]), 'normalization_schemes': ['CTNormalization'], 'use_mask_for_norm': [False], 'resampling_fn_data': 'resample_data_or_seg_to_shape', 'resampling_fn_seg': 'resample_data_or_seg_to_shape', 'resampling_fn_data_kwargs': {'is_seg': False, 'order': 3, 'order_z': 0, 'force_separate_z': None}, 'resampling_fn_seg_kwargs': {'is_seg': True, 'order': 1, 'order_z': 0, 'force_separate_z': None}, 'resampling_fn_probabilities': 'resample_data_or_seg_to_shape', 'resampling_fn_probabilities_kwargs': {'is_seg': False, 'order': 1, 'order_z': 0, 'force_separate_z': None}, 'architecture': {'network_class_name': 'dynamic_network_architectures.architectures.unet.PlainConvUNet', 'arch_kwargs': {'n_stages': 6, 'features_per_stage': (32, 64, 128, 256, 320, 320), 'conv_op': 'torch.nn.modules.conv.Conv3d', 'kernel_sizes': ((3, 3, 3), (3, 3, 3), (3, 3, 3), (3, 3, 3), (3, 3, 3), (3, 3, 3)), 'strides': ((1, 1, 1), (2, 2, 2), (2, 2, 2), (2, 2, 2), (2, 2, 2), (1, 2, 2)), 'n_conv_per_stage': (2, 2, 2, 2, 2, 2), 'n_conv_per_stage_decoder': (2, 2, 2, 2, 2), 'conv_bias': True, 'norm_op': 'torch.nn.modules.instancenorm.InstanceNorm3d', 'norm_op_kwargs': {'eps': 1e-05, 'affine': True}, 'dropout_op': None, 'dropout_op_kwargs': None, 'nonlin': 'torch.nn.LeakyReLU', 'nonlin_kwargs': {'inplace': True}}, '_kw_requires_import': ('conv_op', 'norm_op', 'dropout_op', 'nonlin')}, 'batch_dice': False, 'next_stage': '3d_cascade_fullres'}

3D fullres U-Net configuration:
{'data_identifier': 'nnUNetPlans_3d_fullres', 'preprocessor_name': 'DefaultPreprocessor', 'batch_size': 2, 'patch_size': (np.int64(56), np.int64(192), np.int64(192)), 'median_image_size_in_voxels': array([160., 512., 512.]), 'spacing': array([2.5      , 0.9765625, 0.9765625]), 'normalization_schemes': ['CTNormalization'], 'use_mask_for_norm': [False], 'resampling_fn_data': 'resample_data_or_seg_to_shape', 'resampling_fn_seg': 'resample_data_or_seg_to_shape', 'resampling_fn_data_kwargs': {'is_seg': False, 'order': 3, 'order_z': 0, 'force_separate_z': None}, 'resampling_fn_seg_kwargs': {'is_seg': True, 'order': 1, 'order_z': 0, 'force_separate_z': None}, 'resampling_fn_probabilities': 'resample_data_or_seg_to_shape', 'resampling_fn_probabilities_kwargs': {'is_seg': False, 'order': 1, 'order_z': 0, 'force_separate_z': None}, 'architecture': {'network_class_name': 'dynamic_network_architectures.architectures.unet.PlainConvUNet', 'arch_kwargs': {'n_stages': 6, 'features_per_stage': (32, 64, 128, 256, 320, 320), 'conv_op': 'torch.nn.modules.conv.Conv3d', 'kernel_sizes': ((1, 3, 3), (3, 3, 3), (3, 3, 3), (3, 3, 3), (3, 3, 3), (3, 3, 3)), 'strides': ((1, 1, 1), (1, 2, 2), (2, 2, 2), (2, 2, 2), (2, 2, 2), (1, 2, 2)), 'n_conv_per_stage': (2, 2, 2, 2, 2, 2), 'n_conv_per_stage_decoder': (2, 2, 2, 2, 2), 'conv_bias': True, 'norm_op': 'torch.nn.modules.instancenorm.InstanceNorm3d', 'norm_op_kwargs': {'eps': 1e-05, 'affine': True}, 'dropout_op': None, 'dropout_op_kwargs': None, 'nonlin': 'torch.nn.LeakyReLU', 'nonlin_kwargs': {'inplace': True}}, '_kw_requires_import': ('conv_op', 'norm_op', 'dropout_op', 'nonlin')}, 'batch_dice': True}

Plans were saved to C:/Users/vinic/Downloads/InnerVision/vrmed/.clinica-dados/fase32/nnUNet_preprocessed\Dataset502_VRmedEsofagoV2\nnUNetPlans.json
